// Jest Snapshot v1, https://goo.gl/fbAQLP

exports[`Should render the login page 1`] = `
<div
  className="box-layout"
>
  <div
    className="box-layout__loginbox"
  >
    <h1
      className="box-layout__title "
    >
       Expensify
    </h1>
    <p>
       It's time to plan your expenses and control them
    </p>
    <button
      className="button"
      onClick={[Function]}
    >
      Login with Google
    </button>
  </div>
</div>
`;
